// Jest Snapshot v1, https://goo.gl/fbAQLP

exports[`App component renders App 1`] = `
<div
  className="App"
>
  <MakeRequest
    passData={[Function]}
    passRequest={[Function]}
  />
  <ViewHistory
    history={Array []}
  />
  <ViewResults
    data={
      Array [
        Object {},
      ]
    }
  />
</div>
`;
